---
source: src/markdown/parser.rs
expression: json
---
{
  "kind": "render_tree",
  "tree": [
    {
      "raw": "\n",
      "t": "html"
    },
    {
      "raw": "\n",
      "t": "html"
    },
    {
      "raw": "<div>hello</div>\n",
      "t": "html"
    }
  ]
}
