---
source: src/markdown/parser.rs
expression: "(text, mapped)"
---
(
    "Here is a simple footnote. With some additional text after it. My reference.This is big note!some text continues",
    [
        (
            "Here is a simple footnote",
            0..25,
        ),
        (
            ". With some additional text after it. ",
            29..67,
        ),
        (
            "My reference.",
            81..94,
        ),
        (
            "This is big note!",
            104..121,
        ),
        (
            "some text\n",
            124..134,
        ),
        (
            "continues",
            136..145,
        ),
    ],
)
