---
source: src/markdown/parser.rs
expression: "(text, mapped)"
---
(
    "Emoji  and  this is single : colon this is also single:colon",
    [
        (
            "Emoji ",
            0..6,
        ),
        (
            " and ",
            11..16,
        ),
        (
            " ",
            21..22,
        ),
        (
            "this is single : colon\nthis is also single:colon",
            31..79,
        ),
    ],
)
