---
source: src/markdown/parser.rs
expression: json
---
{
  "kind": "render_tree",
  "tree": [
    {
      "c": [
        {
          "raw": "<span>X</span>",
          "t": "html"
        }
      ],
      "t": "p"
    }
  ]
}
