---
source: src/markdown/parser.rs
expression: json
---
{
  "kind": "render_tree",
  "tree": [
    {
      "c": [
        "Emoji ",
        {
          "c": [
            "üê∂"
          ],
          "name": "dog face",
          "t": "emoji"
        },
        " and ",
        {
          "c": [
            "üê±"
          ],
          "name": "cat face",
          "t": "emoji"
        },
        " ",
        {
          "c": [
            "‚ù§Ô∏è"
          ],
          "name": "red heart",
          "t": "emoji"
        }
      ],
      "t": "p"
    },
    {
      "c": [
        "this is single ",
        ": colon",
        " ",
        "this is also single",
        ":colon"
      ],
      "t": "p"
    }
  ]
}
